{
    "call_type": "CALL",
    "calldata": [
        "0x1",
        "0x41a78e741e5af2fec34b695679bc6891742439f7afb8484ecd7766661ad02bf",
        "0x1987cbd17808b9a23693d4de7e246a443cfe37e6e7fbaeabd7d7e6532b07c3d",
        "0x0",
        "0x5",
        "0x5"
    ],
    "caller_address": "0x0",
    "class_hash": "0x5748901beafb17d853825d9d6435551072494cec5eeeb0ffb0271732fff136e",
    "contract_address": "0x5f127f3494b80a2719a82d2bb7f484f394dca2723299f3bb4c661dd455ee345",
    "entry_point_type": "CONSTRUCTOR",
    "events": [],
    "execution_resources": {
        "builtin_instance_counter": {},
        "n_memory_holes": 0,
        "n_steps": 40
    },
    "internal_calls": [],
    "messages": [],
    "result": [],
    "selector": "0x15d40a3d6ca2ac30f4031e42be28da9b056fef9bb7357ac5e85627ee876e5ad"
}